============================= test session starts =============================
platform win32 -- Python 3.13.12, pytest-9.0.2, pluggy-1.6.0
rootdir: C:\Users\YUKAI\Desktop\Qualitas\backend
plugins: anyio-4.12.1
collected 0 items / 1 error

=================================== ERRORS ====================================
_________________ ERROR collecting tests/test_fat_service.py __________________
ImportError while importing test module 'C:\Users\YUKAI\Desktop\Qualitas\backend\tests\test_fat_service.py'.
Hint: make sure your test modules/packages have valid Python names.
Traceback:
C:\Program Files\WindowsApps\PythonSoftwareFoundation.Python.3.13_3.13.3312.0_x64__qbz5n2kfra8p0\Lib\importlib\__init__.py:88: in import_module
    return _bootstrap._gcd_import(name[level:], package, level)
           ^^^^^^^^^^^^^^^^^^^^^^^^^^^^^^^^^^^^^^^^^^^^^^^^^^^^
tests\test_fat_service.py:3: in <module>
    from services.fat_service import FATService
services\fat_service.py:14: in <module>
    from repositories.fat_repository import FATRepository
repositories\fat_repository.py:12: in <module>
    from repositories.base_repository import BaseRepository
E   ModuleNotFoundError: No module named 'repositories.base_repository'
============================== warnings summary ===============================
schemas.py:75
  C:\Users\YUKAI\Desktop\Qualitas\backend\schemas.py:75: PydanticDeprecatedSince20: Support for class-based `config` is deprecated, use ConfigDict instead. Deprecated in Pydantic V2.0 to be removed in V3.0. See Pydantic V2 Migration Guide at https://errors.pydantic.dev/2.12/migration/
    class ITP(ITPBase):

schemas.py:155
  C:\Users\YUKAI\Desktop\Qualitas\backend\schemas.py:155: PydanticDeprecatedSince20: Support for class-based `config` is deprecated, use ConfigDict instead. Deprecated in Pydantic V2.0 to be removed in V3.0. See Pydantic V2 Migration Guide at https://errors.pydantic.dev/2.12/migration/
    class NCR(NCRBase):

schemas.py:224
  C:\Users\YUKAI\Desktop\Qualitas\backend\schemas.py:224: PydanticDeprecatedSince20: Support for class-based `config` is deprecated, use ConfigDict instead. Deprecated in Pydantic V2.0 to be removed in V3.0. See Pydantic V2 Migration Guide at https://errors.pydantic.dev/2.12/migration/
    class NOI(NOIBase):

schemas.py:300
  C:\Users\YUKAI\Desktop\Qualitas\backend\schemas.py:300: PydanticDeprecatedSince20: Support for class-based `config` is deprecated, use ConfigDict instead. Deprecated in Pydantic V2.0 to be removed in V3.0. See Pydantic V2 Migration Guide at https://errors.pydantic.dev/2.12/migration/
    class ITR(ITRBase):

schemas.py:350
  C:\Users\YUKAI\Desktop\Qualitas\backend\schemas.py:350: PydanticDeprecatedSince20: Support for class-based `config` is deprecated, use ConfigDict instead. Deprecated in Pydantic V2.0 to be removed in V3.0. See Pydantic V2 Migration Guide at https://errors.pydantic.dev/2.12/migration/
    class PQP(PQPBase):

schemas.py:420
  C:\Users\YUKAI\Desktop\Qualitas\backend\schemas.py:420: PydanticDeprecatedSince20: Support for class-based `config` is deprecated, use ConfigDict instead. Deprecated in Pydantic V2.0 to be removed in V3.0. See Pydantic V2 Migration Guide at https://errors.pydantic.dev/2.12/migration/
    class OBS(OBSBase):

schemas.py:452
  C:\Users\YUKAI\Desktop\Qualitas\backend\schemas.py:452: PydanticDeprecatedSince20: Support for class-based `config` is deprecated, use ConfigDict instead. Deprecated in Pydantic V2.0 to be removed in V3.0. See Pydantic V2 Migration Guide at https://errors.pydantic.dev/2.12/migration/
    class Contractor(ContractorBase):

schemas.py:496
  C:\Users\YUKAI\Desktop\Qualitas\backend\schemas.py:496: PydanticDeprecatedSince20: Support for class-based `config` is deprecated, use ConfigDict instead. Deprecated in Pydantic V2.0 to be removed in V3.0. See Pydantic V2 Migration Guide at https://errors.pydantic.dev/2.12/migration/
    class FollowUp(FollowUpBase):

schemas.py:509
  C:\Users\YUKAI\Desktop\Qualitas\backend\schemas.py:509: PydanticDeprecatedSince20: Support for class-based `config` is deprecated, use ConfigDict instead. Deprecated in Pydantic V2.0 to be removed in V3.0. See Pydantic V2 Migration Guide at https://errors.pydantic.dev/2.12/migration/
    class NamingRule(NamingRuleBase):

schemas.py:544
  C:\Users\YUKAI\Desktop\Qualitas\backend\schemas.py:544: PydanticDeprecatedSince20: Support for class-based `config` is deprecated, use ConfigDict instead. Deprecated in Pydantic V2.0 to be removed in V3.0. See Pydantic V2 Migration Guide at https://errors.pydantic.dev/2.12/migration/
    class Role(RoleBase):

schemas.py:555
  C:\Users\YUKAI\Desktop\Qualitas\backend\schemas.py:555: PydanticDeprecatedSince20: Support for class-based `config` is deprecated, use ConfigDict instead. Deprecated in Pydantic V2.0 to be removed in V3.0. See Pydantic V2 Migration Guide at https://errors.pydantic.dev/2.12/migration/
    class Permission(PermissionBase):

schemas.py:602
  C:\Users\YUKAI\Desktop\Qualitas\backend\schemas.py:602: PydanticDeprecatedSince20: Support for class-based `config` is deprecated, use ConfigDict instead. Deprecated in Pydantic V2.0 to be removed in V3.0. See Pydantic V2 Migration Guide at https://errors.pydantic.dev/2.12/migration/
    class Checklist(ChecklistBase):

schemas.py:628
  C:\Users\YUKAI\Desktop\Qualitas\backend\schemas.py:628: PydanticDeprecatedSince20: Support for class-based `config` is deprecated, use ConfigDict instead. Deprecated in Pydantic V2.0 to be removed in V3.0. See Pydantic V2 Migration Guide at https://errors.pydantic.dev/2.12/migration/
    class User(UserBase):

schemas.py:665
  C:\Users\YUKAI\Desktop\Qualitas\backend\schemas.py:665: PydanticDeprecatedSince20: Support for class-based `config` is deprecated, use ConfigDict instead. Deprecated in Pydantic V2.0 to be removed in V3.0. See Pydantic V2 Migration Guide at https://errors.pydantic.dev/2.12/migration/
    class Audit(AuditBase):

schemas.py:681
  C:\Users\YUKAI\Desktop\Qualitas\backend\schemas.py:681: PydanticDeprecatedSince20: Support for class-based `config` is deprecated, use ConfigDict instead. Deprecated in Pydantic V2.0 to be removed in V3.0. See Pydantic V2 Migration Guide at https://errors.pydantic.dev/2.12/migration/
    class KPIWeight(KPIWeightBase):

schemas.py:702
  C:\Users\YUKAI\Desktop\Qualitas\backend\schemas.py:702: PydanticDeprecatedSince20: Support for class-based `config` is deprecated, use ConfigDict instead. Deprecated in Pydantic V2.0 to be removed in V3.0. See Pydantic V2 Migration Guide at https://errors.pydantic.dev/2.12/migration/
    class OwnerPerformance(OwnerPerformanceBase):

schemas.py:711
  C:\Users\YUKAI\Desktop\Qualitas\backend\schemas.py:711: PydanticDeprecatedSince20: Support for class-based `config` is deprecated, use ConfigDict instead. Deprecated in Pydantic V2.0 to be removed in V3.0. See Pydantic V2 Migration Guide at https://errors.pydantic.dev/2.12/migration/
    class AttachmentResponse(BaseModel):

schemas.py:800
  C:\Users\YUKAI\Desktop\Qualitas\backend\schemas.py:800: PydanticDeprecatedSince20: Support for class-based `config` is deprecated, use ConfigDict instead. Deprecated in Pydantic V2.0 to be removed in V3.0. See Pydantic V2 Migration Guide at https://errors.pydantic.dev/2.12/migration/
    class FAT(FATBase):

schemas.py:851
  C:\Users\YUKAI\Desktop\Qualitas\backend\schemas.py:851: PydanticDeprecatedSince20: Support for class-based `config` is deprecated, use ConfigDict instead. Deprecated in Pydantic V2.0 to be removed in V3.0. See Pydantic V2 Migration Guide at https://errors.pydantic.dev/2.12/migration/
    class KMArticle(KMArticleBase):

schemas.py:861
  C:\Users\YUKAI\Desktop\Qualitas\backend\schemas.py:861: PydanticDeprecatedSince20: Support for class-based `config` is deprecated, use ConfigDict instead. Deprecated in Pydantic V2.0 to be removed in V3.0. See Pydantic V2 Migration Guide at https://errors.pydantic.dev/2.12/migration/
    class KMArticleHistory(BaseModel):

-- Docs: https://docs.pytest.org/en/stable/how-to/capture-warnings.html
=========================== short test summary info ===========================
ERROR tests/test_fat_service.py
!!!!!!!!!!!!!!!!!!! Interrupted: 1 error during collection !!!!!!!!!!!!!!!!!!!!
======================== 20 warnings, 1 error in 0.49s ========================
